tests/input/good/test_success.py:test_success
tests/input/good/test_success.py:test_more_success
2 tests collected in 0.00s
