ERROR tests/input/bad/test_other_error.py
tests/input/bad/test_other_file.py:test_function_passes
tests/input/bad/test_other_file.py:test_function_fails
tests/input/folder/test_another_file.py:test_another_function
tests/input/folder/test_another_file.py:test_function_with_decorator
tests/input/good/test_success.py:test_success
tests/input/good/test_success.py:test_more_success
ERROR tests/input/test_bad_file.py
tests/input/test_file.py:test_function_passes
tests/input/test_file.py:test_function_fails
tests/input/test_fixtures.py:test_fixture
9 tests collected, 2 errors in 0.00s
